// Jest Snapshot v1, https://goo.gl/fbAQLP

exports[`Pruebas en GifGrid Debe cargar correctamente 1`] = `
<Fragment>
  <h3
    className="animate__animated animate__bounce animate__slow"
  >
     
    Goten
     
  </h3>
  <p
    className="animate__animated animate__flash"
  >
    Cargando...
  </p>
  <div
    className="card-grid"
  />
</Fragment>
`;
